[INFO] Scanning for projects...
[INFO] 
[INFO] --------------< com.assetflow:assetflow-company-service >---------------
[INFO] Building assetflow-company-service 0.0.1-SNAPSHOT
[INFO]   from pom.xml
[INFO] --------------------------------[ jar ]---------------------------------
[INFO] 
[INFO] >>> spring-boot:4.0.7:run (default-cli) > test-compile @ assetflow-company-service >>>
[INFO] 
[INFO] --- resources:3.3.1:resources (default-resources) @ assetflow-company-service ---
[INFO] Copying 1 resource from src\main\resources to target\classes
[INFO] Copying 0 resource from src\main\resources to target\classes
[INFO] 
[INFO] --- compiler:3.14.1:compile (default-compile) @ assetflow-company-service ---
[INFO] Recompiling the module because of changed source code.
[INFO] Compiling 6 source files with javac [debug parameters release 21] to target\classes
[INFO] Annotation processing is enabled because one or more processors were found
  on the class path. A future release of javac may disable annotation processing
  unless at least one processor is specified by name (-processor), or a search
  path is specified (--processor-path, --processor-module-path), or annotation
  processing is enabled explicitly (-proc:only, -proc:full).
  Use -Xlint:-options to suppress this message.
  Use -proc:none to disable annotation processing.
[INFO] 
[INFO] --- resources:3.3.1:testResources (default-testResources) @ assetflow-company-service ---
[INFO] skip non existing resourceDirectory C:\Users\Pushkar Chaudhari\Desktop\Enterprise-Asset-Management-System\backend\assetflow-company-service\src\test\resources
[INFO] 
[INFO] --- compiler:3.14.1:testCompile (default-testCompile) @ assetflow-company-service ---
[INFO] Recompiling the module because of changed dependency.
[INFO] Compiling 1 source file with javac [debug parameters release 21] to target\test-classes
[INFO] Annotation processing is enabled because one or more processors were found
  on the class path. A future release of javac may disable annotation processing
  unless at least one processor is specified by name (-processor), or a search
  path is specified (--processor-path, --processor-module-path), or annotation
  processing is enabled explicitly (-proc:only, -proc:full).
  Use -Xlint:-options to suppress this message.
  Use -proc:none to disable annotation processing.
[INFO] 
[INFO] <<< spring-boot:4.0.7:run (default-cli) < test-compile @ assetflow-company-service <<<
[INFO] 
[INFO] 
[INFO] --- spring-boot:4.0.7:run (default-cli) @ assetflow-company-service ---
[INFO] Attaching agents: []

  .   ____          _            __ _ _
 /\\ / ___'_ __ _ _(_)_ __  __ _ \ \ \ \
( ( )\___ | '_ | '_| | '_ \/ _` | \ \ \ \
 \\/  ___)| |_)| | | | | || (_| |  ) ) ) )
  '  |____| .__|_| |_|_| |_\__, | / / / /
 =========|_|==============|___/=/_/_/_/

 :: Spring Boot ::                (v4.0.7)

2026-07-27T21:42:18.586+05:30  INFO 8796 --- [assetflow-company-service] [           main] c.assetflow.company.CompanyApplication   : Starting CompanyApplication using Java 21.0.10 with PID 8796 (C:\Users\Pushkar Chaudhari\Desktop\Enterprise-Asset-Management-System\backend\assetflow-company-service\target\classes started by Pushkar Chaudhari in C:\Users\Pushkar Chaudhari\Desktop\Enterprise-Asset-Management-System\backend\assetflow-company-service)
2026-07-27T21:42:18.604+05:30  INFO 8796 --- [assetflow-company-service] [           main] c.assetflow.company.CompanyApplication   : No active profile set, falling back to 1 default profile: "default"
2026-07-27T21:42:20.868+05:30  INFO 8796 --- [assetflow-company-service] [           main] .s.d.r.c.RepositoryConfigurationDelegate : Bootstrapping Spring Data JPA repositories in DEFAULT mode.
2026-07-27T21:42:21.038+05:30  INFO 8796 --- [assetflow-company-service] [           main] .s.d.r.c.RepositoryConfigurationDelegate : Finished Spring Data repository scanning in 39 ms. Found 0 JPA repository interfaces.
2026-07-27T21:42:22.301+05:30  INFO 8796 --- [assetflow-company-service] [           main] o.s.boot.tomcat.TomcatWebServer          : Tomcat initialized with port 8082 (http)
2026-07-27T21:42:22.771+05:30  INFO 8796 --- [assetflow-company-service] [           main] o.apache.catalina.core.StandardService   : Starting service [Tomcat]
2026-07-27T21:42:22.771+05:30  INFO 8796 --- [assetflow-company-service] [           main] o.apache.catalina.core.StandardEngine    : Starting Servlet engine: [Apache Tomcat/11.0.22]
2026-07-27T21:42:23.018+05:30  INFO 8796 --- [assetflow-company-service] [           main] b.w.c.s.WebApplicationContextInitializer : Root WebApplicationContext: initialization completed in 4259 ms
2026-07-27T21:42:23.530+05:30  INFO 8796 --- [assetflow-company-service] [           main] org.hibernate.orm.jpa                    : HHH008540: Processing PersistenceUnitInfo [name: default]
2026-07-27T21:42:23.797+05:30  INFO 8796 --- [assetflow-company-service] [           main] org.hibernate.orm.core                   : HHH000001: Hibernate ORM core version 7.2.19.Final
2026-07-27T21:42:26.392+05:30  INFO 8796 --- [assetflow-company-service] [           main] o.s.o.j.p.SpringPersistenceUnitInfo      : No LoadTimeWeaver setup: ignoring JPA class transformer
2026-07-27T21:42:26.652+05:30  INFO 8796 --- [assetflow-company-service] [           main] com.zaxxer.hikari.HikariDataSource       : HikariPool-1 - Starting...
2026-07-27T21:42:27.462+05:30  INFO 8796 --- [assetflow-company-service] [           main] com.zaxxer.hikari.pool.HikariPool        : HikariPool-1 - Added connection com.mysql.cj.jdbc.ConnectionImpl@6774f264
2026-07-27T21:42:27.535+05:30  INFO 8796 --- [assetflow-company-service] [           main] com.zaxxer.hikari.HikariDataSource       : HikariPool-1 - Start completed.
2026-07-27T21:42:27.943+05:30  INFO 8796 --- [assetflow-company-service] [           main] org.hibernate.orm.connections.pooling    : HHH10001005: Database info:
	Database JDBC URL [jdbc:mysql://localhost:3306/assetflow_db?createDatabaseIfNotExist=true&useSSL=false&allowPublicKeyRetrieval=true&serverTimezone=UTC]
	Database driver: MySQL Connector/J
	Database dialect: MySQLDialect
	Database version: 8.0.46
	Default catalog/schema: assetflow_db/undefined
	Autocommit mode: undefined/unknown
	Isolation level: REPEATABLE_READ [default REPEATABLE_READ]
	JDBC fetch size: none
	Pool: DataSourceConnectionProvider
	Minimum pool size: undefined/unknown
	Maximum pool size: undefined/unknown
2026-07-27T21:42:29.718+05:30  INFO 8796 --- [assetflow-company-service] [           main] org.hibernate.orm.core                   : HHH000489: No JTA platform available (set 'hibernate.transaction.jta.platform' to enable JTA platform integration)
2026-07-27T21:42:29.954+05:30  INFO 8796 --- [assetflow-company-service] [           main] j.LocalContainerEntityManagerFactoryBean : Initialized JPA EntityManagerFactory for persistence unit 'default'
2026-07-27T21:42:31.120+05:30  WARN 8796 --- [assetflow-company-service] [           main] .s.a.UserDetailsServiceAutoConfiguration : 

Using generated security password: 3483ca2d-4231-428b-8ca0-622e089dd190

This generated password is for development use only. Your security configuration must be updated before running your application in production.

2026-07-27T21:42:31.309+05:30  INFO 8796 --- [assetflow-company-service] [           main] r$InitializeUserDetailsManagerConfigurer : Global AuthenticationManager configured with UserDetailsService bean with name inMemoryUserDetailsManager
2026-07-27T21:42:33.307+05:30  INFO 8796 --- [assetflow-company-service] [           main] o.s.boot.tomcat.TomcatWebServer          : Tomcat started on port 8082 (http) with context path '/'
2026-07-27T21:42:33.461+05:30  INFO 8796 --- [assetflow-company-service] [           main] c.assetflow.company.CompanyApplication   : Started CompanyApplication in 16.252 seconds (process running for 17.447)
2026-07-27T21:51:53.502+05:30  INFO 8796 --- [assetflow-company-service] [nio-8082-exec-2] o.a.c.c.C.[Tomcat].[localhost].[/]       : Initializing Spring DispatcherServlet 'dispatcherServlet'
2026-07-27T21:51:53.517+05:30  INFO 8796 --- [assetflow-company-service] [nio-8082-exec-2] o.s.web.servlet.DispatcherServlet        : Initializing Servlet 'dispatcherServlet'
2026-07-27T21:51:53.518+05:30  INFO 8796 --- [assetflow-company-service] [nio-8082-exec-2] o.s.web.servlet.DispatcherServlet        : Completed initialization in 0 ms
