[INFO] Scanning for projects...
[INFO] 
[INFO] ----------------< com.assetflow:assetflow-auth-service >----------------
[INFO] Building assetflow-auth-service 0.0.1-SNAPSHOT
[INFO]   from pom.xml
[INFO] --------------------------------[ jar ]---------------------------------
[INFO] 
[INFO] >>> spring-boot:4.0.7:run (default-cli) > test-compile @ assetflow-auth-service >>>
[INFO] 
[INFO] --- resources:3.3.1:resources (default-resources) @ assetflow-auth-service ---
[INFO] Copying 1 resource from src\main\resources to target\classes
[INFO] Copying 0 resource from src\main\resources to target\classes
[INFO] 
[INFO] --- compiler:3.14.1:compile (default-compile) @ assetflow-auth-service ---
[INFO] Nothing to compile - all classes are up to date.
[INFO] 
[INFO] --- resources:3.3.1:testResources (default-testResources) @ assetflow-auth-service ---
[INFO] skip non existing resourceDirectory C:\Users\Pushkar Chaudhari\Desktop\Enterprise-Asset-Management-System\backend\assetflow-auth-service\src\test\resources
[INFO] 
[INFO] --- compiler:3.14.1:testCompile (default-testCompile) @ assetflow-auth-service ---
[INFO] Nothing to compile - all classes are up to date.
[INFO] 
[INFO] <<< spring-boot:4.0.7:run (default-cli) < test-compile @ assetflow-auth-service <<<
[INFO] 
[INFO] 
[INFO] --- spring-boot:4.0.7:run (default-cli) @ assetflow-auth-service ---
[INFO] Attaching agents: []

  .   ____          _            __ _ _
 /\\ / ___'_ __ _ _(_)_ __  __ _ \ \ \ \
( ( )\___ | '_ | '_| | '_ \/ _` | \ \ \ \
 \\/  ___)| |_)| | | | | || (_| |  ) ) ) )
  '  |____| .__|_| |_|_| |_\__, | / / / /
 =========|_|==============|___/=/_/_/_/

 :: Spring Boot ::                (v4.0.7)

2026-07-27T21:43:29.721+05:30  INFO 6164 --- [assetflow-auth-service] [           main] c.a.a.AssetflowAuthServiceApplication    : Starting AssetflowAuthServiceApplication using Java 21.0.10 with PID 6164 (C:\Users\Pushkar Chaudhari\Desktop\Enterprise-Asset-Management-System\backend\assetflow-auth-service\target\classes started by Pushkar Chaudhari in C:\Users\Pushkar Chaudhari\Desktop\Enterprise-Asset-Management-System\backend\assetflow-auth-service)
2026-07-27T21:43:29.735+05:30  INFO 6164 --- [assetflow-auth-service] [           main] c.a.a.AssetflowAuthServiceApplication    : No active profile set, falling back to 1 default profile: "default"
2026-07-27T21:43:32.401+05:30  INFO 6164 --- [assetflow-auth-service] [           main] .s.d.r.c.RepositoryConfigurationDelegate : Bootstrapping Spring Data JPA repositories in DEFAULT mode.
2026-07-27T21:43:32.553+05:30  INFO 6164 --- [assetflow-auth-service] [           main] .s.d.r.c.RepositoryConfigurationDelegate : Finished Spring Data repository scanning in 127 ms. Found 4 JPA repository interfaces.
2026-07-27T21:43:34.067+05:30  INFO 6164 --- [assetflow-auth-service] [           main] o.s.boot.tomcat.TomcatWebServer          : Tomcat initialized with port 8081 (http)
2026-07-27T21:43:34.117+05:30  INFO 6164 --- [assetflow-auth-service] [           main] o.apache.catalina.core.StandardService   : Starting service [Tomcat]
2026-07-27T21:43:34.117+05:30  INFO 6164 --- [assetflow-auth-service] [           main] o.apache.catalina.core.StandardEngine    : Starting Servlet engine: [Apache Tomcat/11.0.22]
2026-07-27T21:43:34.330+05:30  INFO 6164 --- [assetflow-auth-service] [           main] b.w.c.s.WebApplicationContextInitializer : Root WebApplicationContext: initialization completed in 4385 ms
2026-07-27T21:43:34.875+05:30  INFO 6164 --- [assetflow-auth-service] [           main] org.hibernate.orm.jpa                    : HHH008540: Processing PersistenceUnitInfo [name: default]
2026-07-27T21:43:35.016+05:30  INFO 6164 --- [assetflow-auth-service] [           main] org.hibernate.orm.core                   : HHH000001: Hibernate ORM core version 7.2.19.Final
2026-07-27T21:43:36.320+05:30  INFO 6164 --- [assetflow-auth-service] [           main] o.s.o.j.p.SpringPersistenceUnitInfo      : No LoadTimeWeaver setup: ignoring JPA class transformer
2026-07-27T21:43:36.424+05:30  INFO 6164 --- [assetflow-auth-service] [           main] com.zaxxer.hikari.HikariDataSource       : HikariPool-1 - Starting...
2026-07-27T21:43:36.865+05:30  INFO 6164 --- [assetflow-auth-service] [           main] com.zaxxer.hikari.pool.HikariPool        : HikariPool-1 - Added connection com.mysql.cj.jdbc.ConnectionImpl@4ea48b2e
2026-07-27T21:43:36.865+05:30  INFO 6164 --- [assetflow-auth-service] [           main] com.zaxxer.hikari.HikariDataSource       : HikariPool-1 - Start completed.
2026-07-27T21:43:37.088+05:30  INFO 6164 --- [assetflow-auth-service] [           main] org.hibernate.orm.connections.pooling    : HHH10001005: Database info:
	Database JDBC URL [jdbc:mysql://localhost:3306/assetflow_db?createDatabaseIfNotExist=true&useSSL=false&allowPublicKeyRetrieval=true&serverTimezone=UTC]
	Database driver: MySQL Connector/J
	Database dialect: MySQLDialect
	Database version: 8.0.46
	Default catalog/schema: assetflow_db/undefined
	Autocommit mode: undefined/unknown
	Isolation level: REPEATABLE_READ [default REPEATABLE_READ]
	JDBC fetch size: none
	Pool: DataSourceConnectionProvider
	Minimum pool size: undefined/unknown
	Maximum pool size: undefined/unknown
2026-07-27T21:43:39.764+05:30  INFO 6164 --- [assetflow-auth-service] [           main] org.hibernate.orm.core                   : HHH000489: No JTA platform available (set 'hibernate.transaction.jta.platform' to enable JTA platform integration)
2026-07-27T21:43:39.799+05:30  INFO 6164 --- [assetflow-auth-service] [           main] j.LocalContainerEntityManagerFactoryBean : Initialized JPA EntityManagerFactory for persistence unit 'default'
2026-07-27T21:43:40.127+05:30  INFO 6164 --- [assetflow-auth-service] [           main] o.s.d.j.r.query.QueryEnhancerFactories   : Hibernate is in classpath; If applicable, HQL parser will be used.
2026-07-27T21:43:40.801+05:30  INFO 6164 --- [assetflow-auth-service] [           main] eAuthenticationProviderManagerConfigurer : Global AuthenticationManager configured with AuthenticationProvider bean with name authenticationProvider
2026-07-27T21:43:40.801+05:30  WARN 6164 --- [assetflow-auth-service] [           main] r$InitializeUserDetailsManagerConfigurer : Global AuthenticationManager configured with an AuthenticationProvider bean. UserDetailsService beans will not be used by Spring Security for automatically configuring username/password login. Consider removing the AuthenticationProvider bean. Alternatively, consider using the UserDetailsService in a manually instantiated DaoAuthenticationProvider. If the current configuration is intentional, to turn off this warning, increase the logging level of 'org.springframework.security.config.annotation.authentication.configuration.InitializeUserDetailsBeanManagerConfigurer' to ERROR
2026-07-27T21:43:42.813+05:30  INFO 6164 --- [assetflow-auth-service] [           main] o.s.boot.tomcat.TomcatWebServer          : Tomcat started on port 8081 (http) with context path '/'
2026-07-27T21:43:42.836+05:30  INFO 6164 --- [assetflow-auth-service] [           main] c.a.a.AssetflowAuthServiceApplication    : Started AssetflowAuthServiceApplication in 14.567 seconds (process running for 15.862)
2026-07-27T21:51:51.851+05:30  INFO 6164 --- [assetflow-auth-service] [nio-8081-exec-1] o.a.c.c.C.[Tomcat].[localhost].[/]       : Initializing Spring DispatcherServlet 'dispatcherServlet'
2026-07-27T21:51:51.852+05:30  INFO 6164 --- [assetflow-auth-service] [nio-8081-exec-1] o.s.web.servlet.DispatcherServlet        : Initializing Servlet 'dispatcherServlet'
2026-07-27T21:51:51.854+05:30  INFO 6164 --- [assetflow-auth-service] [nio-8081-exec-1] o.s.web.servlet.DispatcherServlet        : Completed initialization in 2 ms
[INFO] ------------------------------------------------------------------------
[INFO] BUILD FAILURE
[INFO] ------------------------------------------------------------------------
[INFO] Total time:  09:34 min
[INFO] Finished at: 2026-07-27T21:52:52+05:30
[INFO] ------------------------------------------------------------------------
[ERROR] Failed to execute goal org.springframework.boot:spring-boot-maven-plugin:4.0.7:run (default-cli) on project assetflow-auth-service: Process terminated with exit code: -1 -> [Help 1]
[ERROR] 
[ERROR] To see the full stack trace of the errors, re-run Maven with the -e switch.
[ERROR] Re-run Maven using the -X switch to enable full debug logging.
[ERROR] 
[ERROR] For more information about the errors and possible solutions, please read the following articles:
[ERROR] [Help 1] http://cwiki.apache.org/confluence/display/MAVEN/MojoExecutionException
