[INFO] Scanning for projects...
[INFO] 
[INFO] ---------------< com.assetflow:assetflow-asset-service >----------------
[INFO] Building assetflow-asset-service 0.0.1-SNAPSHOT
[INFO]   from pom.xml
[INFO] --------------------------------[ jar ]---------------------------------
[INFO] 
[INFO] >>> spring-boot:4.0.7:run (default-cli) > test-compile @ assetflow-asset-service >>>
[INFO] 
[INFO] --- resources:3.3.1:resources (default-resources) @ assetflow-asset-service ---
[INFO] Copying 1 resource from src\main\resources to target\classes
[INFO] Copying 0 resource from src\main\resources to target\classes
[INFO] 
[INFO] --- compiler:3.14.1:compile (default-compile) @ assetflow-asset-service ---
[INFO] Nothing to compile - all classes are up to date.
[INFO] 
[INFO] --- resources:3.3.1:testResources (default-testResources) @ assetflow-asset-service ---
[INFO] skip non existing resourceDirectory C:\Users\Pushkar Chaudhari\Desktop\Enterprise-Asset-Management-System\backend\assetflow-asset-service\src\test\resources
[INFO] 
[INFO] --- compiler:3.14.1:testCompile (default-testCompile) @ assetflow-asset-service ---
[INFO] Nothing to compile - all classes are up to date.
[INFO] 
[INFO] <<< spring-boot:4.0.7:run (default-cli) < test-compile @ assetflow-asset-service <<<
[INFO] 
[INFO] 
[INFO] --- spring-boot:4.0.7:run (default-cli) @ assetflow-asset-service ---
[INFO] Attaching agents: []

  .   ____          _            __ _ _
 /\\ / ___'_ __ _ _(_)_ __  __ _ \ \ \ \
( ( )\___ | '_ | '_| | '_ \/ _` | \ \ \ \
 \\/  ___)| |_)| | | | | || (_| |  ) ) ) )
  '  |____| .__|_| |_|_| |_\__, | / / / /
 =========|_|==============|___/=/_/_/_/

 :: Spring Boot ::                (v4.0.7)

2026-07-27T21:41:15.611+05:30  INFO 13136 --- [assetflow-asset-service] [           main] c.a.a.AssetflowAssetServiceApplication   : Starting AssetflowAssetServiceApplication using Java 21.0.10 with PID 13136 (C:\Users\Pushkar Chaudhari\Desktop\Enterprise-Asset-Management-System\backend\assetflow-asset-service\target\classes started by Pushkar Chaudhari in C:\Users\Pushkar Chaudhari\Desktop\Enterprise-Asset-Management-System\backend\assetflow-asset-service)
2026-07-27T21:41:15.654+05:30  INFO 13136 --- [assetflow-asset-service] [           main] c.a.a.AssetflowAssetServiceApplication   : No active profile set, falling back to 1 default profile: "default"
2026-07-27T21:41:19.599+05:30  INFO 13136 --- [assetflow-asset-service] [           main] o.s.boot.tomcat.TomcatWebServer          : Tomcat initialized with port 8083 (http)
2026-07-27T21:41:19.633+05:30  INFO 13136 --- [assetflow-asset-service] [           main] o.apache.catalina.core.StandardService   : Starting service [Tomcat]
2026-07-27T21:41:19.633+05:30  INFO 13136 --- [assetflow-asset-service] [           main] o.apache.catalina.core.StandardEngine    : Starting Servlet engine: [Apache Tomcat/11.0.22]
2026-07-27T21:41:20.317+05:30  INFO 13136 --- [assetflow-asset-service] [           main] b.w.c.s.WebApplicationContextInitializer : Root WebApplicationContext: initialization completed in 4514 ms
2026-07-27T21:41:21.216+05:30  WARN 13136 --- [assetflow-asset-service] [           main] .s.a.UserDetailsServiceAutoConfiguration : 

Using generated security password: 639bd3c5-b454-485f-9f5f-25e5a772a905

This generated password is for development use only. Your security configuration must be updated before running your application in production.

2026-07-27T21:41:21.251+05:30  INFO 13136 --- [assetflow-asset-service] [           main] r$InitializeUserDetailsManagerConfigurer : Global AuthenticationManager configured with UserDetailsService bean with name inMemoryUserDetailsManager
2026-07-27T21:41:23.074+05:30  INFO 13136 --- [assetflow-asset-service] [           main] o.s.boot.tomcat.TomcatWebServer          : Tomcat started on port 8083 (http) with context path '/'
2026-07-27T21:41:23.087+05:30  INFO 13136 --- [assetflow-asset-service] [           main] c.a.a.AssetflowAssetServiceApplication   : Started AssetflowAssetServiceApplication in 8.885 seconds (process running for 10.137)
2026-07-27T21:54:30.056+05:30  INFO 13136 --- [assetflow-asset-service] [nio-8083-exec-1] o.a.c.c.C.[Tomcat].[localhost].[/]       : Initializing Spring DispatcherServlet 'dispatcherServlet'
2026-07-27T21:54:30.057+05:30  INFO 13136 --- [assetflow-asset-service] [nio-8083-exec-1] o.s.web.servlet.DispatcherServlet        : Initializing Servlet 'dispatcherServlet'
2026-07-27T21:54:30.059+05:30  INFO 13136 --- [assetflow-asset-service] [nio-8083-exec-1] o.s.web.servlet.DispatcherServlet        : Completed initialization in 0 ms
2026-07-27T21:54:30.524+05:30  INFO 13136 --- [assetflow-asset-service] [nio-8083-exec-1] com.zaxxer.hikari.HikariDataSource       : HikariPool-1 - Starting...
2026-07-27T21:54:31.047+05:30  INFO 13136 --- [assetflow-asset-service] [nio-8083-exec-1] com.zaxxer.hikari.pool.HikariPool        : HikariPool-1 - Added connection com.mysql.cj.jdbc.ConnectionImpl@3455fb89
2026-07-27T21:54:31.053+05:30  INFO 13136 --- [assetflow-asset-service] [nio-8083-exec-1] com.zaxxer.hikari.HikariDataSource       : HikariPool-1 - Start completed.
